<testsuites id="" name="" tests="2" failures="0" skipped="0" errors="0" time="3.0211310000000005">
<testsuite name="example.spec.ts" timestamp="2026-02-21T04:38:01.616Z" hostname="chromium" tests="2" failures="0" skipped="0" time="1.154" errors="0">
<testcase name="has title" classname="example.spec.ts" time="0.517">
</testcase>
<testcase name="get started link" classname="example.spec.ts" time="0.637">
</testcase>
</testsuite>
</testsuites>